--------------------------------------------------------------------------------------
Timing Analyzer Summary
--------------------------------------------------------------------------------------

Type           : Worst-case tsu
Slack          : -0.395 ns
Required Time  : 1.000 ns
Actual Time    : 1.395 ns
From           : DRAM_DQ[30]
To             : Sdram_Control_4Port:u9|mDATAOUT[14]
From Clock     : --
To Clock       : iCLK_50
Failed Paths   : 32

Type           : Worst-case tco
Slack          : -4.961 ns
Required Time  : 1.000 ns
Actual Time    : 5.961 ns
From           : Sdram_Control_4Port:u8|Sdram_FIFO:write_fifo1|dcfifo:dcfifo_component|dcfifo_m2o1:auto_generated|altsyncram_1l81:fifo_ram|altsyncram_drg1:altsyncram5|q_a[12]
To             : DRAM_DQ[12]
From Clock     : iCLK_50
To Clock       : --
Failed Paths   : 161

Type           : Worst-case tpd
Slack          : N/A
Required Time  : None
Actual Time    : 10.645 ns
From           : iSW[3]
To             : oLEDR[3]
From Clock     : --
To Clock       : --
Failed Paths   : 0

Type           : Worst-case th
Slack          : N/A
Required Time  : None
Actual Time    : 2.660 ns
From           : altera_internal_jtag~TDIUTAP
To             : pzdyqx:nabboc|pzdyqx_impl:pzdyqx_impl_inst|FNUJ6967
From Clock     : --
To Clock       : altera_internal_jtag~CLKDRUSER
Failed Paths   : 0

Type           : Worst-case Minimum Pulse Width Requirement (Low)
Slack          : -1.477 ns
Required Time  : 2.380 ns
Actual Time    : 0.903 ns
From           : sdram_pll:u7|altpll:altpll_component|_clk0
To             : Sdram_Control_4Port:u9|Sdram_FIFO:read_fifo2|dcfifo:dcfifo_component|dcfifo_m2o1:auto_generated|altsyncram_1l81:fifo_ram|altsyncram_drg1:altsyncram5|ram_block6a3~portb_we_reg
From Clock     : --
To Clock       : --
Failed Paths   : 1151

Type           : Worst-case Minimum Pulse Width Requirement (High)
Slack          : -1.476 ns
Required Time  : 2.380 ns
Actual Time    : 0.904 ns
From           : sdram_pll:u7|altpll:altpll_component|_clk0
To             : Sdram_Control_4Port:u9|Sdram_FIFO:read_fifo2|dcfifo:dcfifo_component|dcfifo_m2o1:auto_generated|altsyncram_1l81:fifo_ram|altsyncram_drg1:altsyncram5|ram_block6a3~portb_we_reg
From Clock     : --
To Clock       : --
Failed Paths   : 1151

Type           : Clock Setup: 'sdram_pll:u7|altpll:altpll_component|_clk0'
Slack          : -4.482 ns
Required Time  : 553.40 MHz ( period = 1.807 ns )
Actual Time    : 159.01 MHz ( period = 6.289 ns )
From           : Sdram_Control_4Port:u8|Sdram_FIFO:read_fifo1|dcfifo:dcfifo_component|dcfifo_m2o1:auto_generated|dffpipe_oe9:ws_bwp|dffe12a[1]
To             : Sdram_Control_4Port:u8|mADDR[15]
From Clock     : sdram_pll:u7|altpll:altpll_component|_clk0
To Clock       : sdram_pll:u7|altpll:altpll_component|_clk0
Failed Paths   : 13599

Type           : Clock Setup: 'DE2_70_SOPC:sopc_instance|pll:the_pll|altpll:sd1|_clk0'
Slack          : -0.572 ns
Required Time  : 100.00 MHz ( period = 10.000 ns )
Actual Time    : 89.73 MHz ( period = 11.144 ns )
From           : DE2_70_SOPC:sopc_instance|cpu:the_cpu|d_address_tag_field[6]
To             : Sdram_Control_4Port:u8|Sdram_FIFO:read_fifo2|dcfifo:dcfifo_component|dcfifo_m2o1:auto_generated|a_graycounter_o96:rdptr_g1p|counter_ffa[9]
From Clock     : DE2_70_SOPC:sopc_instance|pll:the_pll|altpll:sd1|_clk0
To Clock       : DE2_70_SOPC:sopc_instance|pll:the_pll|altpll:sd1|_clk0
Failed Paths   : 1076

Type           : Clock Setup: 'iCLK_50'
Slack          : 1.524 ns
Required Time  : 166.00 MHz ( period = 6.024 ns )
Actual Time    : 222.22 MHz ( period = 4.500 ns )
From           : Reset_Delay:u2|Cont[25]
To             : Reset_Delay:u2|Cont[16]
From Clock     : iCLK_50
To Clock       : iCLK_50
Failed Paths   : 0

Type           : Clock Setup: 'iCLK_50_4'
Slack          : 1.719 ns
Required Time  : 50.00 MHz ( period = 20.000 ns )
Actual Time    : N/A
From           : DE2_70_SOPC:sopc_instance|DE2_70_SOPC_clock_0:the_DE2_70_SOPC_clock_0|DE2_70_SOPC_clock_0_slave_FSM:slave_FSM|slave_write_request
To             : DE2_70_SOPC:sopc_instance|DE2_70_SOPC_clock_0:the_DE2_70_SOPC_clock_0|altera_std_synchronizer:the_altera_std_synchronizer3|din_s1
From Clock     : DE2_70_SOPC:sopc_instance|pll:the_pll|altpll:sd1|_clk0
To Clock       : iCLK_50_4
Failed Paths   : 0

Type           : Clock Setup: 'GPIO_CLKIN_N1'
Slack          : 1.928 ns
Required Time  : 110.01 MHz ( period = 9.090 ns )
Actual Time    : 139.63 MHz ( period = 7.162 ns )
From           : CCD_Capture:u3|Y_Cont[8]
To             : RAW2RGB:u4|rGreen[7]
From Clock     : GPIO_CLKIN_N1
To Clock       : GPIO_CLKIN_N1
Failed Paths   : 0

Type           : Clock Setup: 'vga_pll:u6|altpll:altpll_component|_clk0'
Slack          : 2.775 ns
Required Time  : 108.00 MHz ( period = 9.259 ns )
Actual Time    : 154.23 MHz ( period = 6.484 ns )
From           : VGA_Controller:u1|V_Cont[0]
To             : VGA_Controller:u1|oVGA_R[2]
From Clock     : vga_pll:u6|altpll:altpll_component|_clk0
To Clock       : vga_pll:u6|altpll:altpll_component|_clk0
Failed Paths   : 0

Type           : Clock Setup: 'altera_internal_jtag~TCKUTAP'
Slack          : N/A
Required Time  : None
Actual Time    : 119.30 MHz ( period = 8.382 ns )
From           : sld_hub:sld_hub_inst|irsr_reg[1]
To             : sld_hub:sld_hub_inst|tdo
From Clock     : altera_internal_jtag~TCKUTAP
To Clock       : altera_internal_jtag~TCKUTAP
Failed Paths   : 0

Type           : Clock Setup: 'altera_internal_jtag~CLKDRUSER'
Slack          : N/A
Required Time  : None
Actual Time    : 406.50 MHz ( period = 2.460 ns )
From           : pzdyqx:nabboc|pzdyqx_impl:pzdyqx_impl_inst|VELJ8121:JDCF0099|AJQN5180[0]
To             : pzdyqx:nabboc|pzdyqx_impl:pzdyqx_impl_inst|VELJ8121:JDCF0099|AJQN5180[4]
From Clock     : altera_internal_jtag~CLKDRUSER
To Clock       : altera_internal_jtag~CLKDRUSER
Failed Paths   : 0

Type           : Clock Setup: 'altera_internal_jtag~UPDATEUSER'
Slack          : N/A
Required Time  : None
Actual Time    : Restricted to 500.00 MHz ( period = 2.000 ns )
From           : pzdyqx:nabboc|pzdyqx_impl:pzdyqx_impl_inst|XWDE0671[2]
To             : pzdyqx:nabboc|pzdyqx_impl:pzdyqx_impl_inst|XWDE0671[0]
From Clock     : altera_internal_jtag~UPDATEUSER
To Clock       : altera_internal_jtag~UPDATEUSER
Failed Paths   : 0

Type           : Clock Hold: 'iCLK_50'
Slack          : -2.363 ns
Required Time  : 166.00 MHz ( period = 6.024 ns )
Actual Time    : N/A
From           : I2C_CCD_Config:u10|senosr_exposure[13]
To             : I2C_CCD_Config:u10|mI2C_DATA[13]
From Clock     : iCLK_50
To Clock       : iCLK_50
Failed Paths   : 115

Type           : Clock Hold: 'GPIO_CLKIN_N1'
Slack          : 0.299 ns
Required Time  : 110.01 MHz ( period = 9.090 ns )
Actual Time    : N/A
From           : CCD_Capture:u3|Y_Cont[1]
To             : RAW2RGB:u4|dval_ctrl
From Clock     : GPIO_CLKIN_N1
To Clock       : GPIO_CLKIN_N1
Failed Paths   : 0

Type           : Clock Hold: 'sdram_pll:u7|altpll:altpll_component|_clk0'
Slack          : 0.391 ns
Required Time  : 553.40 MHz ( period = 1.807 ns )
Actual Time    : N/A
From           : Sdram_Control_4Port:u9|command:command1|do_rw
To             : Sdram_Control_4Port:u9|command:command1|do_rw
From Clock     : sdram_pll:u7|altpll:altpll_component|_clk0
To Clock       : sdram_pll:u7|altpll:altpll_component|_clk0
Failed Paths   : 0

Type           : Clock Hold: 'DE2_70_SOPC:sopc_instance|pll:the_pll|altpll:sd1|_clk0'
Slack          : 0.391 ns
Required Time  : 100.00 MHz ( period = 10.000 ns )
Actual Time    : N/A
From           : DE2_70_SOPC:sopc_instance|cpu:the_cpu|cpu_nios2_oci:the_cpu_nios2_oci|cpu_nios2_oci_break:the_cpu_nios2_oci_break|trigbrktype
To             : DE2_70_SOPC:sopc_instance|cpu:the_cpu|cpu_nios2_oci:the_cpu_nios2_oci|cpu_nios2_oci_break:the_cpu_nios2_oci_break|trigbrktype
From Clock     : DE2_70_SOPC:sopc_instance|pll:the_pll|altpll:sd1|_clk0
To Clock       : DE2_70_SOPC:sopc_instance|pll:the_pll|altpll:sd1|_clk0
Failed Paths   : 0

Type           : Clock Hold: 'vga_pll:u6|altpll:altpll_component|_clk0'
Slack          : 0.391 ns
Required Time  : 108.00 MHz ( period = 9.259 ns )
Actual Time    : N/A
From           : VGA_Controller:u1|mVGA_V_SYNC
To             : VGA_Controller:u1|mVGA_V_SYNC
From Clock     : vga_pll:u6|altpll:altpll_component|_clk0
To Clock       : vga_pll:u6|altpll:altpll_component|_clk0
Failed Paths   : 0

Type           : Clock Hold: 'iCLK_50_4'
Slack          : 0.391 ns
Required Time  : 50.00 MHz ( period = 20.000 ns )
Actual Time    : N/A
From           : DE2_70_SOPC:sopc_instance|pll:the_pll|pfdena_reg
To             : DE2_70_SOPC:sopc_instance|pll:the_pll|pfdena_reg
From Clock     : iCLK_50_4
To Clock       : iCLK_50_4
Failed Paths   : 0

Type           : Other violations (see messages)
Slack          : 
Required Time  : 
Actual Time    : 
From           : 
To             : 
From Clock     : 
To Clock       : 
Failed Paths   : 2

Type           : Total number of failed paths
Slack          : 
Required Time  : 
Actual Time    : 
From           : 
To             : 
From Clock     : 
To Clock       : 
Failed Paths   : 17287

--------------------------------------------------------------------------------------

